// Jest Snapshot v1, https://goo.gl/fbAQLP

exports[`<ChatMenu /> renders correctly 1`] = `
<button
  aria-haspopup="true"
  aria-owns={null}
  className="MuiButtonBase-root-33 MuiIconButton-root-27 MuiIconButton-colorInherit-28"
  disabled={false}
  onBlur={[Function]}
  onClick={[Function]}
  onFocus={[Function]}
  onKeyDown={[Function]}
  onKeyUp={[Function]}
  onMouseDown={[Function]}
  onMouseLeave={[Function]}
  onMouseUp={[Function]}
  onTouchEnd={[Function]}
  onTouchMove={[Function]}
  onTouchStart={[Function]}
  tabIndex="0"
  type="button"
>
  <span
    className="MuiIconButton-label-32"
  >
    <svg
      aria-hidden="true"
      className="MuiSvgIcon-root-36"
      color={undefined}
      focusable="false"
      viewBox="0 0 24 24"
    >
      <g>
        <path
          d="M12 8c1.1 0 2-.9 2-2s-.9-2-2-2-2 .9-2 2 .9 2 2 2zm0 2c-1.1 0-2 .9-2 2s.9 2 2 2 2-.9 2-2-.9-2-2-2zm0 6c-1.1 0-2 .9-2 2s.9 2 2 2 2-.9 2-2-.9-2-2-2z"
        />
      </g>
    </svg>
  </span>
  <span
    className="MuiTouchRipple-root-42"
  />
</button>
`;
