// Jest Snapshot v1, https://goo.gl/fbAQLP

exports[`<LoginForm /> renders correctly 1`] = `
<form
  className="LoginForm-wrapperForm-66"
  onSubmit={[Function]}
>
  <div
    aria-describedby={undefined}
    className="MuiFormControl-root-68 LoginForm-authentication-65"
    onBlur={[Function]}
    onFocus={[Function]}
  >
    <label
      className="MuiFormLabel-root-77 MuiInputLabel-root-72 MuiInputLabel-formControl-73 MuiInputLabel-animated-76"
      data-shrink={false}
      htmlFor={undefined}
    >
      User Name
      <span
        className="MuiFormLabel-asterisk-81"
      >
         *
      </span>
    </label>
    <div
      className="MuiInput-root-82 MuiInput-formControl-83 MuiInput-underline-86"
    >
      <input
        aria-invalid={false}
        aria-required={true}
        autoComplete="username"
        autoFocus={undefined}
        className="MuiInput-input-90"
        defaultValue={undefined}
        disabled={false}
        id={undefined}
        name="username"
        onBlur={[Function]}
        onChange={[Function]}
        onFocus={[Function]}
        onKeyDown={undefined}
        onKeyUp={undefined}
        placeholder="Type your user Name ..."
        readOnly={undefined}
        required={true}
        rows={undefined}
        type="text"
        value=""
      />
    </div>
  </div>
  <div
    aria-describedby={undefined}
    className="MuiFormControl-root-68 LoginForm-authentication-65"
    onBlur={[Function]}
    onFocus={[Function]}
  >
    <label
      className="MuiFormLabel-root-77 MuiInputLabel-root-72 MuiInputLabel-formControl-73 MuiInputLabel-animated-76"
      data-shrink={false}
      htmlFor={undefined}
    >
      Password
      <span
        className="MuiFormLabel-asterisk-81"
      >
         *
      </span>
    </label>
    <div
      className="MuiInput-root-82 MuiInput-formControl-83 MuiInput-underline-86"
    >
      <input
        aria-invalid={false}
        aria-required={true}
        autoComplete="current-password"
        autoFocus={undefined}
        className="MuiInput-input-90 MuiInput-inputType-93"
        defaultValue={undefined}
        disabled={false}
        id={undefined}
        name="password"
        onBlur={[Function]}
        onChange={[Function]}
        onFocus={[Function]}
        onKeyDown={undefined}
        onKeyUp={undefined}
        placeholder="Type your password ..."
        readOnly={undefined}
        required={true}
        rows={undefined}
        type="password"
        value=""
      />
    </div>
  </div>
  <button
    className="MuiButtonBase-root-111 MuiButton-root-95 MuiButton-raised-101 MuiButton-raisedPrimary-102 LoginForm-button-67"
    disabled={false}
    onBlur={[Function]}
    onFocus={[Function]}
    onKeyDown={[Function]}
    onKeyUp={[Function]}
    onMouseDown={[Function]}
    onMouseLeave={[Function]}
    onMouseUp={[Function]}
    onTouchEnd={[Function]}
    onTouchMove={[Function]}
    onTouchStart={[Function]}
    tabIndex="0"
    type="submit"
  >
    <span
      className="MuiButton-label-96"
    >
      Login 
      <svg
        aria-hidden="true"
        className="MuiSvgIcon-root-114 LoginForm-iconSend-64"
        color={undefined}
        focusable="false"
        viewBox="0 0 24 24"
      >
        <g>
          <path
            d="M2.01 21L23 12 2.01 3 2 10l15 2-15 2z"
          />
        </g>
      </svg>
    </span>
    <span
      className="MuiTouchRipple-root-120"
    />
  </button>
</form>
`;
