// Jest Snapshot v1, https://goo.gl/fbAQLP

exports[`<MessageInput /> renders correctly 1`] = `
<div
  className="MessageInput-messageInputWrapper-43"
>
  <div
    className="MuiPaper-root-45 MuiPaper-elevation6-53 MuiPaper-rounded-46 MessageInput-messageInput-44"
  >
    <div
      className="MuiInput-root-72 MuiInput-fullWidth-79 MuiInput-underline-76"
      onKeyPress={[Function]}
    >
      <input
        aria-invalid={undefined}
        aria-required={undefined}
        autoComplete={undefined}
        autoFocus={undefined}
        className="MuiInput-input-80"
        defaultValue={undefined}
        disabled={false}
        id={undefined}
        name={undefined}
        onBlur={[Function]}
        onChange={[Function]}
        onFocus={[Function]}
        onKeyDown={undefined}
        onKeyUp={undefined}
        placeholder="Type your messageâ€¦"
        readOnly={undefined}
        required={undefined}
        rows={undefined}
        type="text"
        value=""
      />
    </div>
  </div>
</div>
`;
