// Jest Snapshot v1, https://goo.gl/fbAQLP

exports[`<NewChatButton /> renders correctly 1`] = `
<button
  aria-label="add"
  className="MuiButtonBase-root-57 MuiButton-root-41 MuiButton-raised-47 MuiButton-fab-52 MuiButton-raisedPrimary-48 NewChatButton-newChatButton-38"
  disabled={false}
  onBlur={[Function]}
  onClick={[Function]}
  onFocus={[Function]}
  onKeyDown={[Function]}
  onKeyUp={[Function]}
  onMouseDown={[Function]}
  onMouseLeave={[Function]}
  onMouseUp={[Function]}
  onTouchEnd={[Function]}
  onTouchMove={[Function]}
  onTouchStart={[Function]}
  tabIndex="0"
  type="button"
>
  <span
    className="MuiButton-label-42"
  >
    <svg
      aria-hidden="true"
      className="MuiSvgIcon-root-60"
      color={undefined}
      focusable="false"
      viewBox="0 0 24 24"
    >
      <g>
        <path
          d="M19 13h-6v6h-2v-6H5v-2h6V5h2v6h6v2z"
        />
      </g>
    </svg>
  </span>
  <span
    className="MuiTouchRipple-root-66"
  />
</button>
`;
