// Jest Snapshot v1, https://goo.gl/fbAQLP

exports[`<Sidebar /> renders correctly 1`] = `
<div
  className="MuiDrawer-docked-88"
>
  <div
    className="MuiPaper-root-99 MuiPaper-elevation0-101 MuiDrawer-paper-89 Sidebar-drawerPaper-85 MuiDrawer-paperAnchorLeft-90 MuiDrawer-paperAnchorDockedLeft-94"
  >
    <div
      className="Sidebar-drawerHeader-86"
    >
      <div
        aria-describedby={undefined}
        className="MuiFormControl-root-126 MuiFormControl-marginNormal-127 MuiFormControl-fullWidth-129"
        onBlur={[Function]}
        onFocus={[Function]}
      >
        <div
          className="MuiInput-root-130 MuiInput-fullWidth-137 MuiInput-formControl-131 MuiInput-underline-134"
        >
          <input
            aria-invalid={false}
            aria-required={false}
            autoComplete={undefined}
            autoFocus={undefined}
            className="MuiInput-input-138"
            defaultValue={undefined}
            disabled={false}
            id={undefined}
            name={undefined}
            onBlur={[Function]}
            onChange={[Function]}
            onFocus={[Function]}
            onKeyDown={undefined}
            onKeyUp={undefined}
            placeholder="Search chat..."
            readOnly={undefined}
            required={undefined}
            rows={undefined}
            type="text"
            value=""
          />
        </div>
      </div>
    </div>
    <hr
      className="MuiDivider-root-143"
    />
    ChatList
    NewChatButton
    <div
      className="MuiBottomNavigation-root-147"
    >
      <button
        className="MuiButtonBase-root-153 MuiBottomNavigationAction-root-148 MuiBottomNavigationAction-selected-149"
        disabled={undefined}
        onBlur={[Function]}
        onClick={[Function]}
        onFocus={[Function]}
        onKeyDown={[Function]}
        onKeyUp={[Function]}
        onMouseDown={[Function]}
        onMouseLeave={[Function]}
        onMouseUp={[Function]}
        onTouchEnd={[Function]}
        onTouchMove={[Function]}
        onTouchStart={[Function]}
        tabIndex="0"
        type="button"
      >
        <span
          className="MuiBottomNavigationAction-wrapper-151"
        >
          <svg
            aria-hidden="true"
            className="MuiSvgIcon-root-156"
            color={undefined}
            focusable="false"
            viewBox="0 0 24 24"
          >
            <g>
              <path
                d="M13 3c-4.97 0-9 4.03-9 9H1l3.89 3.89.07.14L9 12H6c0-3.87 3.13-7 7-7s7 3.13 7 7-3.13 7-7 7c-1.93 0-3.68-.79-4.94-2.06l-1.42 1.42C8.27 19.99 10.51 21 13 21c4.97 0 9-4.03 9-9s-4.03-9-9-9zm-1 5v5l4.28 2.54.72-1.21-3.5-2.08V8H12z"
              />
            </g>
          </svg>
          <span
            className="MuiBottomNavigationAction-label-152 MuiBottomNavigationAction-selected-149"
          >
            My Chats
          </span>
        </span>
        <span
          className="MuiTouchRipple-root-162"
        />
      </button>
      <button
        className="MuiButtonBase-root-153 MuiBottomNavigationAction-root-148"
        disabled={undefined}
        onBlur={[Function]}
        onClick={[Function]}
        onFocus={[Function]}
        onKeyDown={[Function]}
        onKeyUp={[Function]}
        onMouseDown={[Function]}
        onMouseLeave={[Function]}
        onMouseUp={[Function]}
        onTouchEnd={[Function]}
        onTouchMove={[Function]}
        onTouchStart={[Function]}
        tabIndex="0"
        type="button"
      >
        <span
          className="MuiBottomNavigationAction-wrapper-151"
        >
          <svg
            aria-hidden="true"
            className="MuiSvgIcon-root-156"
            color={undefined}
            focusable="false"
            viewBox="0 0 24 24"
          >
            <g>
              <path
                d="M12 10.9c-.61 0-1.1.49-1.1 1.1s.49 1.1 1.1 1.1c.61 0 1.1-.49 1.1-1.1s-.49-1.1-1.1-1.1zM12 2C6.48 2 2 6.48 2 12s4.48 10 10 10 10-4.48 10-10S17.52 2 12 2zm2.19 12.19L6 18l3.81-8.19L18 6l-3.81 8.19z"
              />
            </g>
          </svg>
          <span
            className="MuiBottomNavigationAction-label-152"
          >
            Explore
          </span>
        </span>
        <span
          className="MuiTouchRipple-root-162"
        />
      </button>
    </div>
  </div>
</div>
`;
